// Jest Snapshot v1, https://goo.gl/fbAQLP

exports[`to render a CartDropdown componenet 1`] = `ShallowWrapper {}`;
