// Jest Snapshot v1, https://goo.gl/fbAQLP

exports[`should render Menu with given state from Redux store 1`] = `ShallowWrapper {}`;

exports[`should render with given state from Redux store 1`] = `ShallowWrapper {}`;
